=== cache trial 1/1 ===

  .   ____          _            __ _ _
 /\\ / ___'_ __ _ _(_)_ __  __ _ \ \ \ \
( ( )\___ | '_ | '_| | '_ \/ _` | \ \ \ \
 \\/  ___)| |_)| | | | | || (_| |  ) ) ) )
  '  |____| .__|_| |_|_| |_\__, | / / / /
 =========|_|==============|___/=/_/_/_/

 :: Spring Boot ::                (v4.0.1)

2026-07-22T03:10:01.284-04:00  INFO 3182 --- [API_Server] [           main] c.e.api_server.ApiServerApplication      : Starting ApiServerApplication v0.0.1-SNAPSHOT using Java 25.0.2 with PID 3182 (/Users/sunnychen/Developper/PersonalProjects/azure-market-data/API_Server/target/API_Server-0.0.1-SNAPSHOT.jar started by sunnychen in /Users/sunnychen/Developper/PersonalProjects/azure-market-data)
2026-07-22T03:10:01.286-04:00  INFO 3182 --- [API_Server] [           main] c.e.api_server.ApiServerApplication      : No active profile set, falling back to 1 default profile: "default"
2026-07-22T03:10:01.551-04:00  INFO 3182 --- [API_Server] [           main] .s.d.r.c.RepositoryConfigurationDelegate : Bootstrapping Spring Data JPA repositories in DEFAULT mode.
2026-07-22T03:10:01.609-04:00  INFO 3182 --- [API_Server] [           main] .s.d.r.c.RepositoryConfigurationDelegate : Finished Spring Data repository scanning in 53 ms. Found 3 JPA repository interfaces.
2026-07-22T03:10:02.052-04:00  INFO 3182 --- [API_Server] [           main] o.s.boot.tomcat.TomcatWebServer          : Tomcat initialized with port 8099 (http)
2026-07-22T03:10:02.058-04:00  INFO 3182 --- [API_Server] [           main] o.apache.catalina.core.StandardService   : Starting service [Tomcat]
2026-07-22T03:10:02.058-04:00  INFO 3182 --- [API_Server] [           main] o.apache.catalina.core.StandardEngine    : Starting Servlet engine: [Apache Tomcat/11.0.15]
2026-07-22T03:10:02.070-04:00  INFO 3182 --- [API_Server] [           main] b.w.c.s.WebApplicationContextInitializer : Root WebApplicationContext: initialization completed in 755 ms
2026-07-22T03:10:02.160-04:00  INFO 3182 --- [API_Server] [           main] com.zaxxer.hikari.HikariDataSource       : HikariPool-1 - Starting...
2026-07-22T03:10:02.177-04:00  INFO 3182 --- [API_Server] [           main] com.zaxxer.hikari.HikariDataSource       : HikariPool-1 - Start completed.
2026-07-22T03:10:12.206-04:00  INFO 3182 --- [API_Server] [           main] org.hibernate.orm.jpa                    : HHH008540: Processing PersistenceUnitInfo [name: supabase]
2026-07-22T03:10:12.236-04:00  INFO 3182 --- [API_Server] [           main] org.hibernate.orm.core                   : HHH000001: Hibernate ORM core version 7.2.0.Final
2026-07-22T03:10:12.419-04:00  INFO 3182 --- [API_Server] [           main] o.s.o.j.p.SpringPersistenceUnitInfo      : No LoadTimeWeaver setup: ignoring JPA class transformer
2026-07-22T03:10:22.441-04:00  WARN 3182 --- [API_Server] [           main] org.hibernate.orm.jdbc.error             : HHH000247: ErrorCode: 0, SQLState: 28P01
2026-07-22T03:10:22.441-04:00  WARN 3182 --- [API_Server] [           main] org.hibernate.orm.jdbc.error             : HikariPool-1 - Connection is not available, request timed out after 10005ms (total=0, active=0, idle=0, waiting=0)
2026-07-22T03:10:22.441-04:00  WARN 3182 --- [API_Server] [           main] org.hibernate.orm.jdbc.error             : HHH000247: ErrorCode: 0, SQLState: 28P01
2026-07-22T03:10:22.441-04:00  WARN 3182 --- [API_Server] [           main] org.hibernate.orm.jdbc.error             : HikariPool-1 - Connection is not available, request timed out after 10005ms (total=0, active=0, idle=0, waiting=0)
2026-07-22T03:10:22.442-04:00  WARN 3182 --- [API_Server] [           main] org.hibernate.orm.jdbc                   : HHH100046: Could not obtain connection to query JDBC database metadata

org.hibernate.exception.AuthException: Unable to obtain isolated JDBC connection [HikariPool-1 - Connection is not available, request timed out after 10005ms (total=0, active=0, idle=0, waiting=0)] [n/a]
	at org.hibernate.exception.internal.SQLStateConversionDelegate.convert(SQLStateConversionDelegate.java:87) ~[hibernate-core-7.2.0.Final.jar!/:7.2.0.Final]
	at org.hibernate.exception.internal.StandardSQLExceptionConverter.convert(StandardSQLExceptionConverter.java:34) ~[hibernate-core-7.2.0.Final.jar!/:7.2.0.Final]
	at org.hibernate.engine.jdbc.spi.SqlExceptionHelper.convert(SqlExceptionHelper.java:115) ~[hibernate-core-7.2.0.Final.jar!/:7.2.0.Final]
	at org.hibernate.engine.jdbc.spi.SqlExceptionHelper.convert(SqlExceptionHelper.java:101) ~[hibernate-core-7.2.0.Final.jar!/:7.2.0.Final]
	at org.hibernate.resource.transaction.backend.jdbc.internal.JdbcIsolationDelegate.delegateWork(JdbcIsolationDelegate.java:51) ~[hibernate-core-7.2.0.Final.jar!/:7.2.0.Final]
	at org.hibernate.engine.jdbc.env.internal.JdbcEnvironmentInitiator.getJdbcEnvironmentUsingJdbcMetadata(JdbcEnvironmentInitiator.java:366) ~[hibernate-core-7.2.0.Final.jar!/:7.2.0.Final]
	at org.hibernate.engine.jdbc.env.internal.JdbcEnvironmentInitiator.getJdbcEnvironment(JdbcEnvironmentInitiator.java:143) ~[hibernate-core-7.2.0.Final.jar!/:7.2.0.Final]
	at org.hibernate.engine.jdbc.env.internal.JdbcEnvironmentInitiator.initiateService(JdbcEnvironmentInitiator.java:120) ~[hibernate-core-7.2.0.Final.jar!/:7.2.0.Final]
	at org.hibernate.engine.jdbc.env.internal.JdbcEnvironmentInitiator.initiateService(JdbcEnvironmentInitiator.java:80) ~[hibernate-core-7.2.0.Final.jar!/:7.2.0.Final]
	at org.hibernate.boot.registry.internal.StandardServiceRegistryImpl.initiateService(StandardServiceRegistryImpl.java:133) ~[hibernate-core-7.2.0.Final.jar!/:7.2.0.Final]
	at org.hibernate.service.internal.AbstractServiceRegistryImpl.createService(AbstractServiceRegistryImpl.java:260) ~[hibernate-core-7.2.0.Final.jar!/:7.2.0.Final]
	at org.hibernate.service.internal.AbstractServiceRegistryImpl.initializeService(AbstractServiceRegistryImpl.java:235) ~[hibernate-core-7.2.0.Final.jar!/:7.2.0.Final]
	at org.hibernate.service.internal.AbstractServiceRegistryImpl.getService(AbstractServiceRegistryImpl.java:212) ~[hibernate-core-7.2.0.Final.jar!/:7.2.0.Final]
	at org.hibernate.boot.model.relational.Database.<init>(Database.java:44) ~[hibernate-core-7.2.0.Final.jar!/:7.2.0.Final]
	at org.hibernate.boot.internal.InFlightMetadataCollectorImpl.getDatabase(InFlightMetadataCollectorImpl.java:251) ~[hibernate-core-7.2.0.Final.jar!/:7.2.0.Final]
	at org.hibernate.boot.internal.InFlightMetadataCollectorImpl.<init>(InFlightMetadataCollectorImpl.java:203) ~[hibernate-core-7.2.0.Final.jar!/:7.2.0.Final]
	at org.hibernate.boot.model.process.spi.MetadataBuildingProcess.complete(MetadataBuildingProcess.java:170) ~[hibernate-core-7.2.0.Final.jar!/:7.2.0.Final]
	at org.hibernate.jpa.boot.internal.EntityManagerFactoryBuilderImpl.metadata(EntityManagerFactoryBuilderImpl.java:1392) ~[hibernate-core-7.2.0.Final.jar!/:7.2.0.Final]
	at org.hibernate.jpa.boot.internal.EntityManagerFactoryBuilderImpl.populateSessionFactoryBuilder(EntityManagerFactoryBuilderImpl.java:1472) ~[hibernate-core-7.2.0.Final.jar!/:7.2.0.Final]
	at org.hibernate.jpa.boot.internal.EntityManagerFactoryBuilderImpl.build(EntityManagerFactoryBuilderImpl.java:1454) ~[hibernate-core-7.2.0.Final.jar!/:7.2.0.Final]
	at org.springframework.orm.jpa.vendor.SpringHibernateJpaPersistenceProvider.createContainerEntityManagerFactory(SpringHibernateJpaPersistenceProvider.java:66) ~[spring-orm-7.0.2.jar!/:7.0.2]
	at org.springframework.orm.jpa.LocalContainerEntityManagerFactoryBean.createNativeEntityManagerFactory(LocalContainerEntityManagerFactoryBean.java:433) ~[spring-orm-7.0.2.jar!/:7.0.2]
	at org.springframework.orm.jpa.AbstractEntityManagerFactoryBean.buildNativeEntityManagerFactory(AbstractEntityManagerFactoryBean.java:416) ~[spring-orm-7.0.2.jar!/:7.0.2]
	at org.springframework.orm.jpa.AbstractEntityManagerFactoryBean.afterPropertiesSet(AbstractEntityManagerFactoryBean.java:396) ~[spring-orm-7.0.2.jar!/:7.0.2]
	at org.springframework.orm.jpa.LocalContainerEntityManagerFactoryBean.afterPropertiesSet(LocalContainerEntityManagerFactoryBean.java:409) ~[spring-orm-7.0.2.jar!/:7.0.2]
	at org.springframework.beans.factory.support.AbstractAutowireCapableBeanFactory.invokeInitMethods(AbstractAutowireCapableBeanFactory.java:1864) ~[spring-beans-7.0.2.jar!/:7.0.2]
	at org.springframework.beans.factory.support.AbstractAutowireCapableBeanFactory.initializeBean(AbstractAutowireCapableBeanFactory.java:1813) ~[spring-beans-7.0.2.jar!/:7.0.2]
	at org.springframework.beans.factory.support.AbstractAutowireCapableBeanFactory.doCreateBean(AbstractAutowireCapableBeanFactory.java:603) ~[spring-beans-7.0.2.jar!/:7.0.2]
	at org.springframework.beans.factory.support.AbstractAutowireCapableBeanFactory.createBean(AbstractAutowireCapableBeanFactory.java:525) ~[spring-beans-7.0.2.jar!/:7.0.2]
	at org.springframework.beans.factory.support.AbstractBeanFactory.lambda$doGetBean$0(AbstractBeanFactory.java:333) ~[spring-beans-7.0.2.jar!/:7.0.2]
	at org.springframework.beans.factory.support.DefaultSingletonBeanRegistry.getSingleton(DefaultSingletonBeanRegistry.java:371) ~[spring-beans-7.0.2.jar!/:7.0.2]
	at org.springframework.beans.factory.support.AbstractBeanFactory.doGetBean(AbstractBeanFactory.java:331) ~[spring-beans-7.0.2.jar!/:7.0.2]
	at org.springframework.beans.factory.support.AbstractBeanFactory.getBean(AbstractBeanFactory.java:201) ~[spring-beans-7.0.2.jar!/:7.0.2]
	at org.springframework.context.support.AbstractApplicationContext.finishBeanFactoryInitialization(AbstractApplicationContext.java:976) ~[spring-context-7.0.2.jar!/:7.0.2]
	at org.springframework.context.support.AbstractApplicationContext.refresh(AbstractApplicationContext.java:620) ~[spring-context-7.0.2.jar!/:7.0.2]
	at org.springframework.boot.web.server.servlet.context.ServletWebServerApplicationContext.refresh(ServletWebServerApplicationContext.java:143) ~[spring-boot-web-server-4.0.1.jar!/:4.0.1]
	at org.springframework.boot.SpringApplication.refresh(SpringApplication.java:756) ~[spring-boot-4.0.1.jar!/:4.0.1]
	at org.springframework.boot.SpringApplication.refreshContext(SpringApplication.java:445) ~[spring-boot-4.0.1.jar!/:4.0.1]
	at org.springframework.boot.SpringApplication.run(SpringApplication.java:321) ~[spring-boot-4.0.1.jar!/:4.0.1]
	at org.springframework.boot.SpringApplication.run(SpringApplication.java:1365) ~[spring-boot-4.0.1.jar!/:4.0.1]
	at org.springframework.boot.SpringApplication.run(SpringApplication.java:1354) ~[spring-boot-4.0.1.jar!/:4.0.1]
	at com.example.api_server.ApiServerApplication.main(ApiServerApplication.java:18) ~[!/:0.0.1-SNAPSHOT]
	at java.base/jdk.internal.reflect.DirectMethodHandleAccessor.invoke(DirectMethodHandleAccessor.java:104) ~[na:na]
	at java.base/java.lang.reflect.Method.invoke(Method.java:565) ~[na:na]
	at org.springframework.boot.loader.launch.Launcher.launch(Launcher.java:106) ~[API_Server-0.0.1-SNAPSHOT.jar:0.0.1-SNAPSHOT]
	at org.springframework.boot.loader.launch.Launcher.launch(Launcher.java:64) ~[API_Server-0.0.1-SNAPSHOT.jar:0.0.1-SNAPSHOT]
	at org.springframework.boot.loader.launch.JarLauncher.main(JarLauncher.java:40) ~[API_Server-0.0.1-SNAPSHOT.jar:0.0.1-SNAPSHOT]
Caused by: java.sql.SQLTransientConnectionException: HikariPool-1 - Connection is not available, request timed out after 10005ms (total=0, active=0, idle=0, waiting=0)
	at com.zaxxer.hikari.pool.HikariPool.createTimeoutException(HikariPool.java:714) ~[HikariCP-7.0.2.jar!/:na]
	at com.zaxxer.hikari.pool.HikariPool.getConnection(HikariPool.java:184) ~[HikariCP-7.0.2.jar!/:na]
	at com.zaxxer.hikari.pool.HikariPool.getConnection(HikariPool.java:142) ~[HikariCP-7.0.2.jar!/:na]
	at com.zaxxer.hikari.HikariDataSource.getConnection(HikariDataSource.java:127) ~[HikariCP-7.0.2.jar!/:na]
	at org.hibernate.engine.jdbc.connections.internal.DataSourceConnectionProvider.getConnection(DataSourceConnectionProvider.java:137) ~[hibernate-core-7.2.0.Final.jar!/:7.2.0.Final]
	at org.hibernate.engine.jdbc.env.internal.JdbcEnvironmentInitiator$ConnectionProviderJdbcConnectionAccess.obtainConnection(JdbcEnvironmentInitiator.java:508) ~[hibernate-core-7.2.0.Final.jar!/:7.2.0.Final]
	at org.hibernate.resource.transaction.backend.jdbc.internal.JdbcIsolationDelegate.delegateWork(JdbcIsolationDelegate.java:48) ~[hibernate-core-7.2.0.Final.jar!/:7.2.0.Final]
	... 42 common frames omitted
Caused by: org.postgresql.util.PSQLException: FATAL: password authentication failed for user "postgres"
	at org.postgresql.core.v3.ConnectionFactoryImpl.doAuthentication(ConnectionFactoryImpl.java:778) ~[postgresql-42.7.8.jar!/:42.7.8]
	at org.postgresql.core.v3.ConnectionFactoryImpl.tryConnect(ConnectionFactoryImpl.java:234) ~[postgresql-42.7.8.jar!/:42.7.8]
	at org.postgresql.core.v3.ConnectionFactoryImpl.openConnectionImpl(ConnectionFactoryImpl.java:289) ~[postgresql-42.7.8.jar!/:42.7.8]
	at org.postgresql.core.ConnectionFactory.openConnection(ConnectionFactory.java:57) ~[postgresql-42.7.8.jar!/:42.7.8]
	at org.postgresql.jdbc.PgConnection.<init>(PgConnection.java:279) ~[postgresql-42.7.8.jar!/:42.7.8]
	at org.postgresql.Driver.makeConnection(Driver.java:448) ~[postgresql-42.7.8.jar!/:42.7.8]
	at org.postgresql.Driver.connect(Driver.java:298) ~[postgresql-42.7.8.jar!/:42.7.8]
	at com.zaxxer.hikari.util.DriverDataSource.getConnection(DriverDataSource.java:144) ~[HikariCP-7.0.2.jar!/:na]
	at com.zaxxer.hikari.pool.PoolBase.newConnection(PoolBase.java:373) ~[HikariCP-7.0.2.jar!/:na]
	at com.zaxxer.hikari.pool.PoolBase.newPoolEntry(PoolBase.java:210) ~[HikariCP-7.0.2.jar!/:na]
	at com.zaxxer.hikari.pool.HikariPool.createPoolEntry(HikariPool.java:488) ~[HikariCP-7.0.2.jar!/:na]
	at com.zaxxer.hikari.pool.HikariPool$PoolEntryCreator.call(HikariPool.java:752) ~[HikariCP-7.0.2.jar!/:na]
	at com.zaxxer.hikari.pool.HikariPool$PoolEntryCreator.call(HikariPool.java:731) ~[HikariCP-7.0.2.jar!/:na]
	at java.base/java.util.concurrent.FutureTask.run(FutureTask.java:328) ~[na:na]
	at java.base/java.util.concurrent.ThreadPoolExecutor.runWorker(ThreadPoolExecutor.java:1090) ~[na:na]
	at java.base/java.util.concurrent.ThreadPoolExecutor$Worker.run(ThreadPoolExecutor.java:614) ~[na:na]
	at java.base/java.lang.Thread.run(Thread.java:1474) ~[na:na]

2026-07-22T03:10:22.468-04:00  WARN 3182 --- [API_Server] [           main] org.hibernate.orm.deprecation            : HHH90000025: PostgreSQLDialect does not need to be specified explicitly using 'hibernate.dialect' (remove the property setting and it will be selected by default)
2026-07-22T03:10:22.475-04:00  INFO 3182 --- [API_Server] [           main] org.hibernate.orm.connections.pooling    : HHH10001005: Database info:
	Database JDBC URL [undefined/unknown]
	Database driver: undefined/unknown
	Database dialect: PostgreSQLDialect
	Database version: 13.0
	Default catalog/schema: unknown/unknown
	Autocommit mode: undefined/unknown
	Isolation level: NONE [default NONE]
	JDBC fetch size: undefined/unknown
	Pool: DataSourceConnectionProvider
	Minimum pool size: undefined/unknown
	Maximum pool size: undefined/unknown
2026-07-22T03:10:22.830-04:00  INFO 3182 --- [API_Server] [           main] org.hibernate.orm.core                   : HHH000489: No JTA platform available (set 'hibernate.transaction.jta.platform' to enable JTA platform integration)
2026-07-22T03:10:22.833-04:00  INFO 3182 --- [API_Server] [           main] j.LocalContainerEntityManagerFactoryBean : Initialized JPA EntityManagerFactory for persistence unit 'supabase'
2026-07-22T03:10:22.895-04:00  INFO 3182 --- [API_Server] [           main] o.s.d.j.r.query.QueryEnhancerFactories   : Hibernate is in classpath; If applicable, HQL parser will be used.
2026-07-22T03:10:23.241-04:00  WARN 3182 --- [API_Server] [           main] ConfigServletWebServerApplicationContext : Exception encountered during context initialization - cancelling refresh attempt: org.springframework.beans.factory.UnsatisfiedDependencyException: Error creating bean with name 'gammaExposureController' defined in URL [jar:nested:/Users/sunnychen/Developper/PersonalProjects/azure-market-data/API_Server/target/API_Server-0.0.1-SNAPSHOT.jar/!BOOT-INF/classes/!/com/example/api_server/controller/GammaExposureController.class]: Unsatisfied dependency expressed through constructor parameter 0: Error creating bean with name 'gammaExposureService' defined in URL [jar:nested:/Users/sunnychen/Developper/PersonalProjects/azure-market-data/API_Server/target/API_Server-0.0.1-SNAPSHOT.jar/!BOOT-INF/classes/!/com/example/api_server/service/GammaExposureService.class]: Advisor sorting failed with unexpected bean creation, probably due to custom use of the Ordered interface. Consider using the @Order annotation instead.
2026-07-22T03:10:23.241-04:00  INFO 3182 --- [API_Server] [           main] j.LocalContainerEntityManagerFactoryBean : Closing JPA EntityManagerFactory for persistence unit 'supabase'
2026-07-22T03:10:23.242-04:00  INFO 3182 --- [API_Server] [           main] com.zaxxer.hikari.HikariDataSource       : HikariPool-1 - Shutdown initiated...
2026-07-22T03:10:28.646-04:00  INFO 3182 --- [API_Server] [           main] com.zaxxer.hikari.HikariDataSource       : HikariPool-1 - Shutdown completed.
2026-07-22T03:10:28.649-04:00  INFO 3182 --- [API_Server] [           main] o.apache.catalina.core.StandardService   : Stopping service [Tomcat]
2026-07-22T03:10:28.662-04:00  INFO 3182 --- [API_Server] [           main] .s.b.a.l.ConditionEvaluationReportLogger : 

Error starting ApplicationContext. To display the condition evaluation report re-run your application with 'debug' enabled.
2026-07-22T03:10:28.671-04:00 ERROR 3182 --- [API_Server] [           main] o.s.boot.SpringApplication               : Application run failed

org.springframework.beans.factory.UnsatisfiedDependencyException: Error creating bean with name 'gammaExposureController' defined in URL [jar:nested:/Users/sunnychen/Developper/PersonalProjects/azure-market-data/API_Server/target/API_Server-0.0.1-SNAPSHOT.jar/!BOOT-INF/classes/!/com/example/api_server/controller/GammaExposureController.class]: Unsatisfied dependency expressed through constructor parameter 0: Error creating bean with name 'gammaExposureService' defined in URL [jar:nested:/Users/sunnychen/Developper/PersonalProjects/azure-market-data/API_Server/target/API_Server-0.0.1-SNAPSHOT.jar/!BOOT-INF/classes/!/com/example/api_server/service/GammaExposureService.class]: Advisor sorting failed with unexpected bean creation, probably due to custom use of the Ordered interface. Consider using the @Order annotation instead.
	at org.springframework.beans.factory.support.ConstructorResolver.createArgumentArray(ConstructorResolver.java:804) ~[spring-beans-7.0.2.jar!/:7.0.2]
	at org.springframework.beans.factory.support.ConstructorResolver.autowireConstructor(ConstructorResolver.java:240) ~[spring-beans-7.0.2.jar!/:7.0.2]
	at org.springframework.beans.factory.support.AbstractAutowireCapableBeanFactory.autowireConstructor(AbstractAutowireCapableBeanFactory.java:1382) ~[spring-beans-7.0.2.jar!/:7.0.2]
	at org.springframework.beans.factory.support.AbstractAutowireCapableBeanFactory.createBeanInstance(AbstractAutowireCapableBeanFactory.java:1221) ~[spring-beans-7.0.2.jar!/:7.0.2]
	at org.springframework.beans.factory.support.AbstractAutowireCapableBeanFactory.doCreateBean(AbstractAutowireCapableBeanFactory.java:565) ~[spring-beans-7.0.2.jar!/:7.0.2]
	at org.springframework.beans.factory.support.AbstractAutowireCapableBeanFactory.createBean(AbstractAutowireCapableBeanFactory.java:525) ~[spring-beans-7.0.2.jar!/:7.0.2]
	at org.springframework.beans.factory.support.AbstractBeanFactory.lambda$doGetBean$0(AbstractBeanFactory.java:333) ~[spring-beans-7.0.2.jar!/:7.0.2]
	at org.springframework.beans.factory.support.DefaultSingletonBeanRegistry.getSingleton(DefaultSingletonBeanRegistry.java:371) ~[spring-beans-7.0.2.jar!/:7.0.2]
	at org.springframework.beans.factory.support.AbstractBeanFactory.doGetBean(AbstractBeanFactory.java:331) ~[spring-beans-7.0.2.jar!/:7.0.2]
	at org.springframework.beans.factory.support.AbstractBeanFactory.getBean(AbstractBeanFactory.java:196) ~[spring-beans-7.0.2.jar!/:7.0.2]
	at org.springframework.beans.factory.support.DefaultListableBeanFactory.instantiateSingleton(DefaultListableBeanFactory.java:1218) ~[spring-beans-7.0.2.jar!/:7.0.2]
	at org.springframework.beans.factory.support.DefaultListableBeanFactory.preInstantiateSingleton(DefaultListableBeanFactory.java:1184) ~[spring-beans-7.0.2.jar!/:7.0.2]
	at org.springframework.beans.factory.support.DefaultListableBeanFactory.preInstantiateSingletons(DefaultListableBeanFactory.java:1121) ~[spring-beans-7.0.2.jar!/:7.0.2]
	at org.springframework.context.support.AbstractApplicationContext.finishBeanFactoryInitialization(AbstractApplicationContext.java:993) ~[spring-context-7.0.2.jar!/:7.0.2]
	at org.springframework.context.support.AbstractApplicationContext.refresh(AbstractApplicationContext.java:620) ~[spring-context-7.0.2.jar!/:7.0.2]
	at org.springframework.boot.web.server.servlet.context.ServletWebServerApplicationContext.refresh(ServletWebServerApplicationContext.java:143) ~[spring-boot-web-server-4.0.1.jar!/:4.0.1]
	at org.springframework.boot.SpringApplication.refresh(SpringApplication.java:756) ~[spring-boot-4.0.1.jar!/:4.0.1]
	at org.springframework.boot.SpringApplication.refreshContext(SpringApplication.java:445) ~[spring-boot-4.0.1.jar!/:4.0.1]
	at org.springframework.boot.SpringApplication.run(SpringApplication.java:321) ~[spring-boot-4.0.1.jar!/:4.0.1]
	at org.springframework.boot.SpringApplication.run(SpringApplication.java:1365) ~[spring-boot-4.0.1.jar!/:4.0.1]
	at org.springframework.boot.SpringApplication.run(SpringApplication.java:1354) ~[spring-boot-4.0.1.jar!/:4.0.1]
	at com.example.api_server.ApiServerApplication.main(ApiServerApplication.java:18) ~[!/:0.0.1-SNAPSHOT]
	at java.base/jdk.internal.reflect.DirectMethodHandleAccessor.invoke(DirectMethodHandleAccessor.java:104) ~[na:na]
	at java.base/java.lang.reflect.Method.invoke(Method.java:565) ~[na:na]
	at org.springframework.boot.loader.launch.Launcher.launch(Launcher.java:106) ~[API_Server-0.0.1-SNAPSHOT.jar:0.0.1-SNAPSHOT]
	at org.springframework.boot.loader.launch.Launcher.launch(Launcher.java:64) ~[API_Server-0.0.1-SNAPSHOT.jar:0.0.1-SNAPSHOT]
	at org.springframework.boot.loader.launch.JarLauncher.main(JarLauncher.java:40) ~[API_Server-0.0.1-SNAPSHOT.jar:0.0.1-SNAPSHOT]
Caused by: org.springframework.beans.factory.BeanCreationException: Error creating bean with name 'gammaExposureService' defined in URL [jar:nested:/Users/sunnychen/Developper/PersonalProjects/azure-market-data/API_Server/target/API_Server-0.0.1-SNAPSHOT.jar/!BOOT-INF/classes/!/com/example/api_server/service/GammaExposureService.class]: Advisor sorting failed with unexpected bean creation, probably due to custom use of the Ordered interface. Consider using the @Order annotation instead.
	at org.springframework.beans.factory.support.AbstractAutowireCapableBeanFactory.doCreateBean(AbstractAutowireCapableBeanFactory.java:610) ~[spring-beans-7.0.2.jar!/:7.0.2]
	at org.springframework.beans.factory.support.AbstractAutowireCapableBeanFactory.createBean(AbstractAutowireCapableBeanFactory.java:525) ~[spring-beans-7.0.2.jar!/:7.0.2]
	at org.springframework.beans.factory.support.AbstractBeanFactory.lambda$doGetBean$0(AbstractBeanFactory.java:333) ~[spring-beans-7.0.2.jar!/:7.0.2]
	at org.springframework.beans.factory.support.DefaultSingletonBeanRegistry.getSingleton(DefaultSingletonBeanRegistry.java:371) ~[spring-beans-7.0.2.jar!/:7.0.2]
	at org.springframework.beans.factory.support.AbstractBeanFactory.doGetBean(AbstractBeanFactory.java:331) ~[spring-beans-7.0.2.jar!/:7.0.2]
	at org.springframework.beans.factory.support.AbstractBeanFactory.getBean(AbstractBeanFactory.java:201) ~[spring-beans-7.0.2.jar!/:7.0.2]
	at org.springframework.beans.factory.support.DefaultListableBeanFactory.resolveBean(DefaultListableBeanFactory.java:1225) ~[spring-beans-7.0.2.jar!/:7.0.2]
	at org.springframework.beans.factory.support.DefaultListableBeanFactory.doResolveDependency(DefaultListableBeanFactory.java:1704) ~[spring-beans-7.0.2.jar!/:7.0.2]
	at org.springframework.beans.factory.support.DefaultListableBeanFactory.resolveDependency(DefaultListableBeanFactory.java:1651) ~[spring-beans-7.0.2.jar!/:7.0.2]
	at org.springframework.beans.factory.support.ConstructorResolver.resolveAutowiredArgument(ConstructorResolver.java:912) ~[spring-beans-7.0.2.jar!/:7.0.2]
	at org.springframework.beans.factory.support.ConstructorResolver.createArgumentArray(ConstructorResolver.java:791) ~[spring-beans-7.0.2.jar!/:7.0.2]
	... 26 common frames omitted
Caused by: org.springframework.aop.framework.AopConfigException: Advisor sorting failed with unexpected bean creation, probably due to custom use of the Ordered interface. Consider using the @Order annotation instead.
	at org.springframework.aop.framework.autoproxy.AbstractAdvisorAutoProxyCreator.findEligibleAdvisors(AbstractAdvisorAutoProxyCreator.java:105) ~[spring-aop-7.0.2.jar!/:7.0.2]
	at org.springframework.aop.framework.autoproxy.AbstractAdvisorAutoProxyCreator.getAdvicesAndAdvisorsForBean(AbstractAdvisorAutoProxyCreator.java:79) ~[spring-aop-7.0.2.jar!/:7.0.2]
	at org.springframework.aop.framework.autoproxy.AbstractAutoProxyCreator.wrapIfNecessary(AbstractAutoProxyCreator.java:334) ~[spring-aop-7.0.2.jar!/:7.0.2]
	at org.springframework.aop.framework.autoproxy.AbstractAutoProxyCreator.postProcessAfterInitialization(AbstractAutoProxyCreator.java:289) ~[spring-aop-7.0.2.jar!/:7.0.2]
	at org.springframework.beans.factory.support.AbstractAutowireCapableBeanFactory.applyBeanPostProcessorsAfterInitialization(AbstractAutowireCapableBeanFactory.java:442) ~[spring-beans-7.0.2.jar!/:7.0.2]
	at org.springframework.beans.factory.support.AbstractAutowireCapableBeanFactory.initializeBean(AbstractAutowireCapableBeanFactory.java:1820) ~[spring-beans-7.0.2.jar!/:7.0.2]
	at org.springframework.beans.factory.support.AbstractAutowireCapableBeanFactory.doCreateBean(AbstractAutowireCapableBeanFactory.java:603) ~[spring-beans-7.0.2.jar!/:7.0.2]
	... 36 common frames omitted
Caused by: org.springframework.beans.factory.UnsatisfiedDependencyException: Error creating bean with name 'circuitBreakerAspect' defined in class path resource [io/github/resilience4j/springboot3/circuitbreaker/autoconfigure/CircuitBreakerConfigurationOnMissingBean.class]: Unsatisfied dependency expressed through method 'circuitBreakerAspect' parameter 0: Error creating bean with name 'circuitBreakerRegistry' defined in class path resource [io/github/resilience4j/springboot3/circuitbreaker/autoconfigure/CircuitBreakerConfigurationOnMissingBean.class]: Failed to instantiate [io.github.resilience4j.circuitbreaker.CircuitBreakerRegistry]: Factory method 'circuitBreakerRegistry' threw exception with message: Java heap space
	at org.springframework.beans.factory.support.ConstructorResolver.createArgumentArray(ConstructorResolver.java:804) ~[spring-beans-7.0.2.jar!/:7.0.2]
	at org.springframework.beans.factory.support.ConstructorResolver.instantiateUsingFactoryMethod(ConstructorResolver.java:546) ~[spring-beans-7.0.2.jar!/:7.0.2]
	at org.springframework.beans.factory.support.AbstractAutowireCapableBeanFactory.instantiateUsingFactoryMethod(AbstractAutowireCapableBeanFactory.java:1362) ~[spring-beans-7.0.2.jar!/:7.0.2]
	at org.springframework.beans.factory.support.AbstractAutowireCapableBeanFactory.createBeanInstance(AbstractAutowireCapableBeanFactory.java:1194) ~[spring-beans-7.0.2.jar!/:7.0.2]
	at org.springframework.beans.factory.support.AbstractAutowireCapableBeanFactory.doCreateBean(AbstractAutowireCapableBeanFactory.java:565) ~[spring-beans-7.0.2.jar!/:7.0.2]
	at org.springframework.beans.factory.support.AbstractAutowireCapableBeanFactory.createBean(AbstractAutowireCapableBeanFactory.java:525) ~[spring-beans-7.0.2.jar!/:7.0.2]
	at org.springframework.beans.factory.support.AbstractBeanFactory.lambda$doGetBean$0(AbstractBeanFactory.java:333) ~[spring-beans-7.0.2.jar!/:7.0.2]
	at org.springframework.beans.factory.support.DefaultSingletonBeanRegistry.getSingleton(DefaultSingletonBeanRegistry.java:371) ~[spring-beans-7.0.2.jar!/:7.0.2]
	at org.springframework.beans.factory.support.AbstractBeanFactory.doGetBean(AbstractBeanFactory.java:331) ~[spring-beans-7.0.2.jar!/:7.0.2]
	at org.springframework.beans.factory.support.AbstractBeanFactory.getBean(AbstractBeanFactory.java:201) ~[spring-beans-7.0.2.jar!/:7.0.2]
	at org.springframework.aop.aspectj.annotation.BeanFactoryAspectInstanceFactory.getOrder(BeanFactoryAspectInstanceFactory.java:134) ~[spring-aop-7.0.2.jar!/:7.0.2]
	at org.springframework.aop.aspectj.annotation.LazySingletonAspectInstanceFactoryDecorator.getOrder(LazySingletonAspectInstanceFactoryDecorator.java:93) ~[spring-aop-7.0.2.jar!/:7.0.2]
	at org.springframework.aop.aspectj.annotation.InstantiationModelAwarePointcutAdvisorImpl.getOrder(InstantiationModelAwarePointcutAdvisorImpl.java:183) ~[spring-aop-7.0.2.jar!/:7.0.2]
	at org.springframework.core.OrderComparator.findOrder(OrderComparator.java:146) ~[spring-core-7.0.2.jar!/:7.0.2]
	at org.springframework.core.annotation.AnnotationAwareOrderComparator.findOrder(AnnotationAwareOrderComparator.java:64) ~[spring-core-7.0.2.jar!/:7.0.2]
	at org.springframework.core.OrderComparator.getOrder(OrderComparator.java:130) ~[spring-core-7.0.2.jar!/:7.0.2]
	at org.springframework.core.OrderComparator.getOrder(OrderComparator.java:118) ~[spring-core-7.0.2.jar!/:7.0.2]
	at org.springframework.core.OrderComparator.doCompare(OrderComparator.java:87) ~[spring-core-7.0.2.jar!/:7.0.2]
	at org.springframework.core.OrderComparator.compare(OrderComparator.java:74) ~[spring-core-7.0.2.jar!/:7.0.2]
	at org.springframework.aop.aspectj.autoproxy.AspectJPrecedenceComparator.compare(AspectJPrecedenceComparator.java:83) ~[spring-aop-7.0.2.jar!/:7.0.2]
	at org.springframework.aop.aspectj.autoproxy.AspectJPrecedenceComparator.compare(AspectJPrecedenceComparator.java:51) ~[spring-aop-7.0.2.jar!/:7.0.2]
	at org.springframework.aop.aspectj.autoproxy.AspectJAwareAdvisorAutoProxyCreator$PartiallyComparableAdvisorHolder.compareTo(AspectJAwareAdvisorAutoProxyCreator.java:142) ~[spring-aop-7.0.2.jar!/:7.0.2]
	at org.aspectj.util.PartialOrder$SortObject.addDirectedLinks(PartialOrder.java:71) ~[aspectjweaver-1.9.25.1.jar!/:na]
	at org.aspectj.util.PartialOrder.addNewPartialComparable(PartialOrder.java:92) ~[aspectjweaver-1.9.25.1.jar!/:na]
	at org.aspectj.util.PartialOrder.sort(PartialOrder.java:128) ~[aspectjweaver-1.9.25.1.jar!/:na]
	at org.springframework.aop.aspectj.autoproxy.AspectJAwareAdvisorAutoProxyCreator.sortAdvisors(AspectJAwareAdvisorAutoProxyCreator.java:79) ~[spring-aop-7.0.2.jar!/:7.0.2]
	at org.springframework.aop.framework.autoproxy.AbstractAdvisorAutoProxyCreator.findEligibleAdvisors(AbstractAdvisorAutoProxyCreator.java:102) ~[spring-aop-7.0.2.jar!/:7.0.2]
	... 42 common frames omitted
Caused by: org.springframework.beans.factory.BeanCreationException: Error creating bean with name 'circuitBreakerRegistry' defined in class path resource [io/github/resilience4j/springboot3/circuitbreaker/autoconfigure/CircuitBreakerConfigurationOnMissingBean.class]: Failed to instantiate [io.github.resilience4j.circuitbreaker.CircuitBreakerRegistry]: Factory method 'circuitBreakerRegistry' threw exception with message: Java heap space
	at org.springframework.beans.factory.support.ConstructorResolver.instantiate(ConstructorResolver.java:657) ~[spring-beans-7.0.2.jar!/:7.0.2]
	at org.springframework.beans.factory.support.ConstructorResolver.instantiateUsingFactoryMethod(ConstructorResolver.java:645) ~[spring-beans-7.0.2.jar!/:7.0.2]
	at org.springframework.beans.factory.support.AbstractAutowireCapableBeanFactory.instantiateUsingFactoryMethod(AbstractAutowireCapableBeanFactory.java:1362) ~[spring-beans-7.0.2.jar!/:7.0.2]
	at org.springframework.beans.factory.support.AbstractAutowireCapableBeanFactory.createBeanInstance(AbstractAutowireCapableBeanFactory.java:1194) ~[spring-beans-7.0.2.jar!/:7.0.2]
	at org.springframework.beans.factory.support.AbstractAutowireCapableBeanFactory.doCreateBean(AbstractAutowireCapableBeanFactory.java:565) ~[spring-beans-7.0.2.jar!/:7.0.2]
	at org.springframework.beans.factory.support.AbstractAutowireCapableBeanFactory.createBean(AbstractAutowireCapableBeanFactory.java:525) ~[spring-beans-7.0.2.jar!/:7.0.2]
	at org.springframework.beans.factory.support.AbstractBeanFactory.lambda$doGetBean$0(AbstractBeanFactory.java:333) ~[spring-beans-7.0.2.jar!/:7.0.2]
	at org.springframework.beans.factory.support.DefaultSingletonBeanRegistry.getSingleton(DefaultSingletonBeanRegistry.java:371) ~[spring-beans-7.0.2.jar!/:7.0.2]
	at org.springframework.beans.factory.support.AbstractBeanFactory.doGetBean(AbstractBeanFactory.java:331) ~[spring-beans-7.0.2.jar!/:7.0.2]
	at org.springframework.beans.factory.support.AbstractBeanFactory.getBean(AbstractBeanFactory.java:201) ~[spring-beans-7.0.2.jar!/:7.0.2]
	at org.springframework.beans.factory.support.DefaultListableBeanFactory.resolveBean(DefaultListableBeanFactory.java:1225) ~[spring-beans-7.0.2.jar!/:7.0.2]
	at org.springframework.beans.factory.support.DefaultListableBeanFactory.doResolveDependency(DefaultListableBeanFactory.java:1704) ~[spring-beans-7.0.2.jar!/:7.0.2]
	at org.springframework.beans.factory.support.DefaultListableBeanFactory.resolveDependency(DefaultListableBeanFactory.java:1651) ~[spring-beans-7.0.2.jar!/:7.0.2]
	at org.springframework.beans.factory.support.ConstructorResolver.resolveAutowiredArgument(ConstructorResolver.java:912) ~[spring-beans-7.0.2.jar!/:7.0.2]
	at org.springframework.beans.factory.support.ConstructorResolver.createArgumentArray(ConstructorResolver.java:791) ~[spring-beans-7.0.2.jar!/:7.0.2]
	... 68 common frames omitted
Caused by: org.springframework.beans.BeanInstantiationException: Failed to instantiate [io.github.resilience4j.circuitbreaker.CircuitBreakerRegistry]: Factory method 'circuitBreakerRegistry' threw exception with message: Java heap space
	at org.springframework.beans.factory.support.SimpleInstantiationStrategy.lambda$instantiate$0(SimpleInstantiationStrategy.java:183) ~[spring-beans-7.0.2.jar!/:7.0.2]
	at org.springframework.beans.factory.support.SimpleInstantiationStrategy.instantiateWithFactoryMethod(SimpleInstantiationStrategy.java:72) ~[spring-beans-7.0.2.jar!/:7.0.2]
	at org.springframework.beans.factory.support.SimpleInstantiationStrategy.instantiate(SimpleInstantiationStrategy.java:152) ~[spring-beans-7.0.2.jar!/:7.0.2]
	at org.springframework.beans.factory.support.ConstructorResolver.instantiate(ConstructorResolver.java:653) ~[spring-beans-7.0.2.jar!/:7.0.2]
	... 82 common frames omitted
Caused by: java.lang.OutOfMemoryError: Java heap space
	at io.github.resilience4j.core.metrics.FixedSizeSlidingWindowMetrics.<init>(FixedSizeSlidingWindowMetrics.java:53) ~[resilience4j-core-2.2.0.jar!/:2.2.0]
	at io.github.resilience4j.circuitbreaker.internal.CircuitBreakerMetrics.<init>(CircuitBreakerMetrics.java:49) ~[resilience4j-circuitbreaker-2.2.0.jar!/:2.2.0]
	at io.github.resilience4j.circuitbreaker.internal.CircuitBreakerMetrics.<init>(CircuitBreakerMetrics.java:65) ~[resilience4j-circuitbreaker-2.2.0.jar!/:2.2.0]
	at io.github.resilience4j.circuitbreaker.internal.CircuitBreakerMetrics.forClosed(CircuitBreakerMetrics.java:69) ~[resilience4j-circuitbreaker-2.2.0.jar!/:2.2.0]
	at io.github.resilience4j.circuitbreaker.internal.CircuitBreakerStateMachine$ClosedState.<init>(CircuitBreakerStateMachine.java:591) ~[resilience4j-circuitbreaker-2.2.0.jar!/:2.2.0]
	at io.github.resilience4j.circuitbreaker.internal.CircuitBreakerStateMachine.<init>(CircuitBreakerStateMachine.java:84) ~[resilience4j-circuitbreaker-2.2.0.jar!/:2.2.0]
	at io.github.resilience4j.circuitbreaker.internal.CircuitBreakerStateMachine.<init>(CircuitBreakerStateMachine.java:122) ~[resilience4j-circuitbreaker-2.2.0.jar!/:2.2.0]
	at io.github.resilience4j.circuitbreaker.internal.CircuitBreakerStateMachine.<init>(CircuitBreakerStateMachine.java:144) ~[resilience4j-circuitbreaker-2.2.0.jar!/:2.2.0]
	at io.github.resilience4j.circuitbreaker.CircuitBreaker.of(CircuitBreaker.java:370) ~[resilience4j-circuitbreaker-2.2.0.jar!/:2.2.0]
	at io.github.resilience4j.circuitbreaker.internal.InMemoryCircuitBreakerRegistry.lambda$circuitBreaker$0(InMemoryCircuitBreakerRegistry.java:158) ~[resilience4j-circuitbreaker-2.2.0.jar!/:2.2.0]
	at io.github.resilience4j.circuitbreaker.internal.InMemoryCircuitBreakerRegistry$$Lambda/0x000000c001bd08c0.get(Unknown Source) ~[na:na]
	at io.github.resilience4j.core.registry.AbstractRegistry.lambda$computeIfAbsent$0(AbstractRegistry.java:101) ~[resilience4j-core-2.2.0.jar!/:2.2.0]
	at io.github.resilience4j.core.registry.AbstractRegistry$$Lambda/0x000000c001bd0af0.apply(Unknown Source) ~[na:na]
	at java.base/java.util.concurrent.ConcurrentHashMap.computeIfAbsent(ConcurrentHashMap.java:1724) ~[na:na]
	at io.github.resilience4j.core.registry.InMemoryRegistryStore.computeIfAbsent(InMemoryRegistryStore.java:41) ~[resilience4j-core-2.2.0.jar!/:2.2.0]
	at io.github.resilience4j.core.registry.AbstractRegistry.computeIfAbsent(AbstractRegistry.java:100) ~[resilience4j-core-2.2.0.jar!/:2.2.0]
	at io.github.resilience4j.circuitbreaker.internal.InMemoryCircuitBreakerRegistry.circuitBreaker(InMemoryCircuitBreakerRegistry.java:157) ~[resilience4j-circuitbreaker-2.2.0.jar!/:2.2.0]
	at io.github.resilience4j.circuitbreaker.internal.InMemoryCircuitBreakerRegistry.circuitBreaker(InMemoryCircuitBreakerRegistry.java:151) ~[resilience4j-circuitbreaker-2.2.0.jar!/:2.2.0]
	at io.github.resilience4j.spring6.circuitbreaker.configure.CircuitBreakerConfiguration.lambda$initCircuitBreakerRegistry$1(CircuitBreakerConfiguration.java:158) ~[resilience4j-spring6-2.2.0.jar!/:2.2.0]
	at io.github.resilience4j.spring6.circuitbreaker.configure.CircuitBreakerConfiguration$$Lambda/0x000000c001bd0230.accept(Unknown Source) ~[na:na]
	at java.base/java.util.HashMap.forEach(HashMap.java:1430) ~[na:na]
	at io.github.resilience4j.spring6.circuitbreaker.configure.CircuitBreakerConfiguration.initCircuitBreakerRegistry(CircuitBreakerConfiguration.java:157) ~[resilience4j-spring6-2.2.0.jar!/:2.2.0]
	at io.github.resilience4j.spring6.circuitbreaker.configure.CircuitBreakerConfiguration.circuitBreakerRegistry(CircuitBreakerConfiguration.java:79) ~[resilience4j-spring6-2.2.0.jar!/:2.2.0]
	at io.github.resilience4j.springboot3.circuitbreaker.autoconfigure.AbstractCircuitBreakerConfigurationOnMissingBean.circuitBreakerRegistry(AbstractCircuitBreakerConfigurationOnMissingBean.java:70) ~[resilience4j-spring-boot3-2.2.0.jar!/:2.2.0]
	at io.github.resilience4j.springboot3.circuitbreaker.autoconfigure.CircuitBreakerConfigurationOnMissingBean$$SpringCGLIB$$0.CGLIB$circuitBreakerRegistry$1(<generated>) ~[resilience4j-spring-boot3-2.2.0.jar!/:2.2.0]
	at io.github.resilience4j.springboot3.circuitbreaker.autoconfigure.CircuitBreakerConfigurationOnMissingBean$$SpringCGLIB$$FastClass$$0.invoke(<generated>) ~[resilience4j-spring-boot3-2.2.0.jar!/:2.2.0]
	at org.springframework.cglib.proxy.MethodProxy.invokeSuper(MethodProxy.java:258) ~[spring-core-7.0.2.jar!/:7.0.2]
	at org.springframework.context.annotation.ConfigurationClassEnhancer$BeanMethodInterceptor.intercept(ConfigurationClassEnhancer.java:398) ~[spring-context-7.0.2.jar!/:7.0.2]
	at io.github.resilience4j.springboot3.circuitbreaker.autoconfigure.CircuitBreakerConfigurationOnMissingBean$$SpringCGLIB$$0.circuitBreakerRegistry(<generated>) ~[resilience4j-spring-boot3-2.2.0.jar!/:2.2.0]
	at java.base/java.lang.invoke.LambdaForm$DMH/0x000000c00149c000.invokeVirtual(LambdaForm$DMH) ~[na:na]
	at java.base/java.lang.invoke.LambdaForm$MH/0x000000c001bccc00.invoke(LambdaForm$MH) ~[na:na]
	at java.base/java.lang.invoke.LambdaForm$MH/0x000000c001420c00.invokeExact_MT(LambdaForm$MH) ~[na:na]

  boot->200: -1s
  cold market: 0.000194s (000, 0-1 000 0B)
  cold hist_1m_5d: 0.000184s (000, 0-1 000 0B)
  cold hist_1d: 0.000090s (000, 0-1 000 0B)
  cold gamma: 0.000135s (000, 0-1 000 0B)
